16:53:36 **** Incremental Build of configuration Debug for project SolarRX ****
Info: Internal Builder is used for build
arm-atollic-eabi-gcc -c -mfloat-abi=soft -mthumb -mcpu=cortex-m3 -std=c99 -D__weak=__attribute__((weak)) -D__packed=__attribute__((__packed__)) -DUSE_HAL_DRIVER -DSTM32F103xB -I../Inc -I../Drivers/STM32F1xx_HAL_Driver/Inc -I../Drivers/STM32F1xx_HAL_Driver/Inc/Legacy -I../Drivers/CMSIS/Device/ST/STM32F1xx/Include -I../Drivers/CMSIS/Include -I../Inc/nrf24 -Os -ffunction-sections -fdata-sections -g -fstack-usage -Wall -o Src\main.o ..\Src\main.c 
arm-atollic-eabi-gcc -o SolarRX.elf Drivers\STM32F1xx_HAL_Driver\Src\stm32f1xx_hal.o Drivers\STM32F1xx_HAL_Driver\Src\stm32f1xx_hal_cortex.o Drivers\STM32F1xx_HAL_Driver\Src\stm32f1xx_hal_dma.o Drivers\STM32F1xx_HAL_Driver\Src\stm32f1xx_hal_flash.o Drivers\STM32F1xx_HAL_Driver\Src\stm32f1xx_hal_flash_ex.o Drivers\STM32F1xx_HAL_Driver\Src\stm32f1xx_hal_gpio.o Drivers\STM32F1xx_HAL_Driver\Src\stm32f1xx_hal_gpio_ex.o Drivers\STM32F1xx_HAL_Driver\Src\stm32f1xx_hal_pwr.o Drivers\STM32F1xx_HAL_Driver\Src\stm32f1xx_hal_rcc.o Drivers\STM32F1xx_HAL_Driver\Src\stm32f1xx_hal_rcc_ex.o Drivers\STM32F1xx_HAL_Driver\Src\stm32f1xx_hal_spi.o Drivers\STM32F1xx_HAL_Driver\Src\stm32f1xx_hal_spi_ex.o Drivers\STM32F1xx_HAL_Driver\Src\stm32f1xx_hal_tim.o Drivers\STM32F1xx_HAL_Driver\Src\stm32f1xx_hal_tim_ex.o Drivers\STM32F1xx_HAL_Driver\Src\stm32f1xx_hal_uart.o Src\gpio.o Src\main.o Src\nrf24\nrf24.o Src\spi.o Src\stm32f1xx_hal_msp.o Src\stm32f1xx_it.o Src\system_stm32f1xx.o Src\usart.o startup\startup_stm32f103xb.o -mthumb -mcpu=cortex-m3 -T../Debug_STM32F103C8_FLASH.ld -specs=nosys.specs -static -Wl,-Map=SolarRX.map -Wl,--gc-sections -Wl,--defsym=malloc_getpagesize_P=0x80 -Wl,--start-group -lc -lm -Wl,--end-group 
C:\Program Files (x86)\Atollic\TrueSTUDIO for STM32 9.3.0\ide\jre\bin\java -jar C:\Program Files (x86)\Atollic\TrueSTUDIO for STM32 9.3.0\Tools\arm-atollic-reports.jar sizeinfo list SolarRX.elf 
Generate build reports...
Print size information
   text	   data	    bss	    dec	    hex	filename
  20892	   1744	    524	  23160	   5a78	SolarRX.elf
Print size information done
Generate listing file
Output sent to: SolarRX.list
Generate listing file done
Generate build reports done
arm-atollic-eabi-objcopy.exe -O ihex SolarRX.elf SolarRX.hex 

16:53:37 Build Finished (took 771ms)

